Iniciamos com comando para portabilidade de ambiente, construção de imagens, e outras funções.

Diferença entre container e imagem:
Imagem = Classe
Container = Objeto

Para os comandos de imagem: docker image --help
Para comandos de container: docker container --help
Para comandos de volume: docker volume --help

Entendendo melhor as imgens:
Para instalar um imgem especifica usamos o nome da imagem:latest,
docker image pull redis:latest

C:\Users\Aldo\Desktop>docker image pull redis:latest
latest: Pulling from library/redis
852e50cd189d: Already exists
76190fa64fb8: Pull complete
9cbb1b61e01b: Pull complete
d048021f2aae: Pull complete
6f4b2af24926: Pull complete
1cf1d6922fba: Pull complete
Digest: sha256:5b98e32b58cdbf9f6b6f77072c4915d5ebec43912114031f37fa5fa25b032489
Status: Downloaded newer image for redis:latest
docker.io/library/redis:latest

C:\Users\Aldo\Desktop>docker image ls
REPOSITORY          TAG                 IMAGE ID            CREATED             SIZE
redis               latest              74d107221092        5 days ago          104MB
nginx               latest              daee903b4e43        5 days ago          133MB
debian              latest              ef05c61d5112        6 days ago          114MB
hello-world         latest              bf756fb1ae65        10 months ago       13.3kB

Para criar outra imagem da mesma aplicação usamos a tag (nome) da imagem:
docker image tag redis:latest aldo-redis

C:\Users\Aldo\Desktop>docker image tag redis:latest aldo-redis

C:\Users\Aldo\Desktop>docker image ls
REPOSITORY          TAG                 IMAGE ID            CREATED             SIZE
aldo-redis          latest              74d107221092        5 days ago          104MB
redis               latest              74d107221092        5 days ago          104MB
nginx               latest              daee903b4e43        5 days ago          133MB
debian              latest              ef05c61d5112        6 days ago          114MB
hello-world         latest              bf756fb1ae65        10 months ago       13.3kB

Para excluir as duas: docker image rm redis:latest aldo-redis

C:\Users\Aldo\Desktop>docker image rm redis:latest aldo-redis
Untagged: redis:latest
Untagged: redis@sha256:5b98e32b58cdbf9f6b6f77072c4915d5ebec43912114031f37fa5fa25b032489
Untagged: aldo-redis:latest
Deleted: sha256:74d107221092875724ddb06821416295773bee553bbaf8d888ababe9be7b947f
Deleted: sha256:d951b383737320b4e1ac7f9bb63f3919bcf25363ccb59fbb52a41e45ba70ffdd
Deleted: sha256:d3b2581a1c92973ee9a41fc00e5628047ce7e644a66240fb859b38831bd525b4
Deleted: sha256:a447231da503a58432b4d7409980139206fdf398fbde189d8a7229dd0663f472
Deleted: sha256:f786204ca260bcaef3d47ecad10821878028239072c65ceb2a1f212f275f9367
Deleted: sha256:b68afce5f52461f79be59806be00e43ea95152a0358b8dc5de9ac3f486a70d7e

C:\Users\Aldo\Desktop>docker image ls
REPOSITORY          TAG                 IMAGE ID            CREATED             SIZE
nginx               latest              daee903b4e43        5 days ago          133MB
debian              latest              ef05c61d5112        6 days ago          114MB
hello-world         latest              bf756fb1ae65        10 months ago       13.3kB

Comandos básicos para gerenciamento de imagens:
docker image pull - baixar uma imagem do docker hub
docker image ls - para listar as imagens
docker image rm - para remover uma imagem
docker image inspect - para inspecionar uma imagem com resposta em json
docker image tag - passamos dois parametros (1 imagem de origem) (2 nome da tag para a imagem)
docker image build - para construir uma imagem 
docker image push - para publicar uma imagem

docker hub x docker registry:
registry: para registro e obtenção de imagens
hub;sas um produto de cloud disponizado pelo docker sendo possível registrar imagens criadas

Contrução de Imagens:
Pode-se utilizar o VScode e usar o terminal para chamar a imagem.

C:\Users\Aldo\Desktop>cd curso-docker

C:\Users\Aldo\Desktop\curso-docker>cd primeiro build
O sistema não pode encontrar o caminho especificado.

C:\Users\Aldo\Desktop\curso-docker>cd ex-volume

C:\Users\Aldo\Desktop\curso-docker\ex-volume>cd primeiro build

C:\Users\Aldo\Desktop\curso-docker\ex-volume\primeiro build>docker image build -t ex-simple-build .
Sending build context to Docker daemon  4.096kB
Step 1/2 : FROM nginx:latest
 ---> daee903b4e43
Step 2/2 : RUN echo '<h1> Oi </h1>' > /usr/share/nginx/html/index.html
 ---> Running in 447c4db6283d
Removing intermediate container 447c4db6283d
 ---> dc4a491785c1
Successfully built dc4a491785c1
Successfully tagged ex-simple-build:latest
SECURITY WARNING: You are building a Docker image from Windows against a non-Windows Docker host. 
All files and directories added to build context will have '-rwxr-xr-x' permissions. 
It is recommended to double check and reset permissions for sensitive files and directories.

C:\Users\Aldo\Desktop\curso-docker\ex-volume\primeiro build>docker image ls
REPOSITORY          TAG                 IMAGE ID            CREATED             SIZE
ex-simple-build     latest              dc4a491785c1        31 seconds ago      133MB
<none>              <none>              304b719bb20e        23 hours ago        133MB
<none>              <none>              9319173b8a1f        24 hours ago        133MB
nginx               latest              daee903b4e43        7 days ago          133MB
debian              latest              ef05c61d5112        7 days ago          114MB
hello-world         latest              bf756fb1ae65        10 months ago       13.3kB

C:\Users\Aldo\Desktop\curso-docker\ex-volume\primeiro build>docker container run -p 80:80 ex-simple-build
/docker-entrypoint.sh: /docker-entrypoint.d/ is not empty, will attempt to perform configuration
/docker-entrypoint.sh: Looking for shell scripts in /docker-entrypoint.d/
/docker-entrypoint.sh: Launching /docker-entrypoint.d/10-listen-on-ipv6-by-default.sh
10-listen-on-ipv6-by-default.sh: Getting the checksum of /etc/nginx/conf.d/default.conf
10-listen-on-ipv6-by-default.sh: Enabled listen on IPv6 in /etc/nginx/conf.d/default.conf
/docker-entrypoint.sh: Launching /docker-entrypoint.d/20-envsubst-on-templates.sh
/docker-entrypoint.sh: Configuration complete; ready for start up
172.17.0.1 - - [25/Nov/2020:09:52:32 +0000] "GET / HTTP/1.1" 200 14 "-" "Mozilla/5.0 
(Windows NT 10.0; Win64; x64) AppleWebKit/537.36 (KHTML, like Gecko)
 Chrome/87.0.4280.66 Safari/537.36" "-"

 Uso das intruções de preparação:

 C:\Users\Aldo\Desktop\curso-docker\build-com-arg>docker image build -t ex-build-arg .
Sending build context to Docker daemon  2.048kB
Step 1/4 : FROM debian
 ---> ef05c61d5112
Step 2/4 : LABEL maintainer 'Aldo Faria Costa <www.cozinhandocomhelenapereira.com.br>'
 ---> Running in 338f40188ece
Removing intermediate container 338f40188ece
 ---> d191ab03d12f
Step 3/4 : ARG S3_BUCKET=files
 ---> Running in 8d8dcaebc149
Removing intermediate container 8d8dcaebc149
 ---> d2731e00b506
Step 4/4 : ENV S3_BUCKET=${S3_BUCKET}
 ---> Running in 4e317aa8a0d6
Removing intermediate container 4e317aa8a0d6
 ---> 7a54f439ef05
Successfully built 7a54f439ef05
Successfully tagged ex-build-arg:latest
SECURITY WARNING: You are building a Docker image from Windows against a non-Windows Docker host. All files and directories added to build context will have '-rwxr-xr-x' permissions. It is recommended to double check and reset permissions for sensitive files and directories.

C:\Users\Aldo\Desktop\curso-docker\build-com-arg>docker container run ex-build-arg bash -c 'echo $S3_BUCKET'
$S3_BUCKET': -c: line 0: unexpected EOF while looking for matching `''
$S3_BUCKET': -c: line 1: syntax error: unexpected end of file

C:\Users\Aldo\Desktop\curso-docker\build-com-arg>docker image build --build-arg S3_BUCKET=myapp -t ex-build-arg .
Sending build context to Docker daemon  2.048kB
Step 1/4 : FROM debian
 ---> ef05c61d5112
Step 2/4 : LABEL maintainer 'Aldo Faria Costa <www.cozinhandocomhelenapereira.com.br>'
 ---> Using cache
 ---> d191ab03d12f
Step 3/4 : ARG S3_BUCKET=files
 ---> Using cache
 ---> d2731e00b506
Step 4/4 : ENV S3_BUCKET=${S3_BUCKET}
 ---> Running in 851163de035d
Removing intermediate container 851163de035d
 ---> ea44b7868228
Successfully built ea44b7868228
Successfully tagged ex-build-arg:latest
SECURITY WARNING: You are building a Docker image from Windows against a non-Windows Docker host. 
All files and directories added to build context will have '-rwxr-xr-x' permissions. 
It is recommended to double check and reset permissions for sensitive files and directories.

C:\Users\Aldo\Desktop\curso-docker\build-com-arg>docker container run ex-build-arg bash -c 'echo $S3_BUCKET'
$S3_BUCKET': -c: line 0: unexpected EOF while looking for matching `''
$S3_BUCKET': -c: line 1: syntax error: unexpected end of file

C:\Users\Aldo\Desktop\curso-docker\build-com-arg>docker image inspect --format="{{index .Config.Labels \"maintainer\"}}"
"docker image inspect" requires at least 1 argument.
See 'docker image inspect --help'.

Usage:  docker image inspect [OPTIONS] IMAGE [IMAGE...]

Display detailed information on one or more images

C:\Users\Aldo\Desktop\curso-docker\build-com-arg>docker image inspect --format="{{index .Config.Labels \"maintainer\"}}" 
ex-build-arg
Aldo Faria Costa <www.cozinhandocomhelenapereira.com.br>

Uso das Instruções de Povoamento:

C:\Users\Aldo\Desktop\curso-docker\build-com-copy>ls
'ls' não é reconhecido como um comando interno
ou externo, um programa operável ou um arquivo em lotes.

C:\Users\Aldo\Desktop\curso-docker\build-com-copy>dir
 O volume na unidade C não tem nome.
 O Número de Série do Volume é 5A6A-920E

 Pasta de C:\Users\Aldo\Desktop\curso-docker\build-com-copy

25/11/2020  07:33    <DIR>          .
25/11/2020  07:33    <DIR>          ..
25/11/2020  07:38               207 Dockerfile
25/11/2020  07:33                47 index.html
               2 arquivo(s)            254 bytes
               2 pasta(s)   30.964.023.296 bytes disponíveis

C:\Users\Aldo\Desktop\curso-docker\build-com-copy>docker image build -t ex-build-copy .
Sending build context to Docker daemon  3.072kB
Step 1/4 : FROM nginx:latest
 ---> daee903b4e43
Step 2/4 : LABEL maintainer 'Aldo Faria Costa <www.cozinhandocomhelenapereira.com.br>'
 ---> Running in 81adaf471f42
Removing intermediate container 81adaf471f42
 ---> accd3ef1ba20
Step 3/4 : RUN echo '<h1> Sem Conteúdo </h1>' > /usr/share/nginx/html/conteudo.html
 ---> Running in 2c8d99bcda9e
Removing intermediate container 2c8d99bcda9e
 ---> 8b3bbd69760d
Step 4/4 : COPY *.html /usr/share/nginx/html/
 ---> 54afca15589a
Successfully built 54afca15589a
Successfully tagged ex-build-copy:latest
SECURITY WARNING: You are building a Docker image from Windows against a non-Windows Docker host.
 All files and directories added to build context will have '-rwxr-xr-x' permissions. 
 It is recommended to double check and reset permissions for sensitive files and directories.

C:\Users\Aldo\Desktop\curso-docker\build-com-copy>docker container run -p 80:80 ex-build-copy
/docker-entrypoint.sh: /docker-entrypoint.d/ is not empty, will attempt to perform configuration
/docker-entrypoint.sh: Looking for shell scripts in /docker-entrypoint.d/
/docker-entrypoint.sh: Launching /docker-entrypoint.d/10-listen-on-ipv6-by-default.sh
10-listen-on-ipv6-by-default.sh: Getting the checksum of /etc/nginx/conf.d/default.conf
10-listen-on-ipv6-by-default.sh: Enabled listen on IPv6 in /etc/nginx/conf.d/default.conf
/docker-entrypoint.sh: Launching /docker-entrypoint.d/20-envsubst-on-templates.sh
/docker-entrypoint.sh: Configuration complete; ready for start up
172.17.0.1 - - [25/Nov/2020:21:25:00 +0000] "GET / HTTP/1.1" 200 47 "-" "Mozilla/5.0 (Windows NT 10.0; Win64; x64)
 AppleWebKit/537.36 (KHTML, like Gecko) Chrome/87.0.4280.66 Safari/537.36" "-"
172.17.0.1 - - [25/Nov/2020:21:25:09 +0000] "GET /conteudo.html HTTP/1.1" 200 25 "http://localhost/" "Mozilla/5.0 
(Windows NT 10.0; Win64; x64) AppleWebKit/537.36 (KHTML, like Gecko) Chrome/87.0.4280.66 Safari/537.36" "-"

Uso das instruções para execução do container:

C:\Users\Aldo\Desktop\curso-docker\build-dev>docker image build -t ex-build-dev .
Sending build context to Docker daemon  4.608kB
Step 1/9 : FROM python:3.6
3.6: Pulling from library/python
756975cb9c7e: Already exists
d77915b4e630: Pull complete
5f37a0a41b6b: Pull complete
96b2c1e36db5: Pull complete
c495e8de12d2: Pull complete
a79e1025c0fe: Pull complete
f1f619b13c7c: Pull complete
1f74591d7ee0: Pull complete
6b75eb5b17d0: Pull complete
Digest: sha256:9f25e9df754186b4101eb96cca97a372babb2b15ba917722ff41b5706562fd94
Status: Downloaded newer image for python:3.6
 ---> 85146760634c
Step 2/9 : LABEL maintaner 'Aldo Faria Costa <www.cozinhandocomhelenapereira.com.br>'
 ---> Running in 1555129e9139
Removing intermediate container 1555129e9139
 ---> 05f58d0a793e
Step 3/9 : RUN useradd www &&    mkdir /app &&    mkdir /log &&    chown www /log
 ---> Running in ecc9f704fb2d
Removing intermediate container ecc9f704fb2d
 ---> f2db6af1a32e
Step 4/9 : USER www
 ---> Running in 7cbe26cb235d
Removing intermediate container 7cbe26cb235d
 ---> 5a6c21435d9c
Step 5/9 : VOLUME /log
 ---> Running in e6d07d33f29c
Removing intermediate container e6d07d33f29c
 ---> 6922d31a1b95
Step 6/9 : WORKDIR /app
 ---> Running in a05b02f1c4b0
Removing intermediate container a05b02f1c4b0
 ---> 24adb91c4cb7
Step 7/9 : EXPOSE 8000
 ---> Running in 2521e6a3d057
Removing intermediate container 2521e6a3d057
 ---> 62d922d22903
Step 8/9 : ENTRYPOINT ["/usr/local/bin/python"]
 ---> Running in b5221b129085
Removing intermediate container b5221b129085
 ---> 99291d0c9a8b
Step 9/9 : CMD ["run.py"]
 ---> Running in 562065b32bc7
Removing intermediate container 562065b32bc7
 ---> 8707ac0493cf
Successfully built 8707ac0493cf
Successfully tagged ex-build-dev:latest
SECURITY WARNING: You are building a Docker image from Windows against a non-Windows Docker host. 
All files and directories added to build context will have '-rwxr-xr-x' permissions. 
It is recommended to double check and reset permissions for sensitive files and directories.

C:\Users\Aldo\Desktop\curso-docker\build-dev>docker container run -it -v %cd%:/app 
-p 80:8080 --name python-server ex-build-dev
Traceback (most recent call last):
  File "run.py", line 6, in <module>
    class MyHTTPHandler(http.server.SimpleHTTPResquestHandler):
AttributeError: module 'http.server' has no attribute 'SimpleHTTPResquestHandler'

C:\Users\Aldo\Desktop\curso-docker\build-dev>docker container run -it --volumes-from=python-server 
debian cat /log/http-server.log
cat: /log/http-server.log: No such file or directory

Enviar imagens para o Docker Hub: primeiro criamos uma conta no docker hub.

C:\Users\Aldo\Desktop\curso-docker\build-dev>docker image ls
REPOSITORY          TAG                 IMAGE ID            CREATED             SIZE
ex-build-dev        latest              8707ac0493cf        49 minutes ago      875MB
ex-build-copy       latest              54afca15589a        2 days ago          133MB
ex-build-arg        latest              ea44b7868228        3 days ago          114MB
<none>              <none>              7a54f439ef05        3 days ago          114MB
ex-simple-build     latest              dc4a491785c1        3 days ago          133MB
<none>              <none>              304b719bb20e        4 days ago          133MB
<none>              <none>              9319173b8a1f        4 days ago          133MB
python              3.6                 85146760634c        9 days ago          874MB
nginx               latest              daee903b4e43        10 days ago         133MB
debian              latest              ef05c61d5112        10 days ago         114MB
hello-world         latest              bf756fb1ae65        11 months ago       13.3kB

C:\Users\Aldo\Desktop\curso-docker\build-dev>docker image tag ex-simple-build dockeraldodocker2020/simple-build:1.0

C:\Users\Aldo\Desktop\curso-docker\build-dev>ls
'ls' não é reconhecido como um comando interno
ou externo, um programa operável ou um arquivo em lotes.

C:\Users\Aldo\Desktop\curso-docker\build-dev>dir
 O volume na unidade C não tem nome.
 O Número de Série do Volume é 5A6A-920E

 Pasta de C:\Users\Aldo\Desktop\curso-docker\build-dev

26/11/2020  07:24    <DIR>          .
26/11/2020  07:24    <DIR>          ..
26/11/2020  07:34               284 Dockerfile
26/11/2020  06:58                19 index.html
26/11/2020  07:21               737 run.py
               3 arquivo(s)          1.040 bytes
               2 pasta(s)   32.561.090.560 bytes disponíveis

C:\Users\Aldo\Desktop\curso-docker\build-dev>docker image ls
REPOSITORY                          TAG                 IMAGE ID            CREATED             SIZE
ex-build-dev                        latest              8707ac0493cf        52 minutes ago      875MB
ex-build-copy                       latest              54afca15589a        2 days ago          133MB
ex-build-arg                        latest              ea44b7868228        3 days ago          114MB
<none>                              <none>              7a54f439ef05        3 days ago          114MB
ex-simple-build                     latest              dc4a491785c1        3 days ago          133MB
dockeraldodocker2020/simple-build   1.0                 dc4a491785c1        3 days ago          133MB
<none>                              <none>              304b719bb20e        4 days ago          133MB
<none>                              <none>              9319173b8a1f        4 days ago          133MB
python                              3.6                 85146760634c        9 days ago          874MB
nginx                               latest              daee903b4e43        10 days ago         133MB
debian                              latest              ef05c61d5112        10 days ago         114MB
hello-world                         latest              bf756fb1ae65        11 months ago       13.3kB

C:\Users\Aldo\Desktop\curso-docker\build-dev>docker login --username=aldodocker2020
Password:
Login Succeeded

Erro:

C:\Users\Aldo\Desktop\curso-docker\build-dev>docker image push dockeraldodocker2020/simple-build:1.0
The push refers to repository [docker.io/dockeraldodocker2020/simple-build]
dc1cb263759e: Preparing
b9e73ac5343e: Preparing
5887d03dfc3d: Preparing
e3a971c30b12: Preparing
32048dd980c7: Preparing
f5600c6330da: Waiting
denied: requested access to the resource is denied

C:\Users\Aldo\Desktop\curso-docker\build-dev>docker image push aldodocker2020/simple-build:1.0
The push refers to repository [docker.io/aldodocker2020/simple-build]
An image does not exist locally with the tag: aldodocker2020/simple-build

C:\Users\Aldo\Desktop\curso-docker\build-dev>docker image push dockeraldodocker2020/simple-build:1.0
The push refers to repository [docker.io/dockeraldodocker2020/simple-build]
dc1cb263759e: Preparing
b9e73ac5343e: Preparing
5887d03dfc3d: Preparing
e3a971c30b12: Preparing
32048dd980c7: Preparing
f5600c6330da: Waiting
denied: requested access to the resource is denied


